#-----------------------------------------------------------
# Vivado v2024.1 (64-bit)
# SW Build 5076996 on Wed May 22 18:37:14 MDT 2024
# IP Build 5075265 on Wed May 22 21:45:21 MDT 2024
# SharedData Build 5076995 on Wed May 22 18:29:18 MDT 2024
# Start of session at: Tue Mar  4 19:30:52 2025
# Process ID: 24452
# Current directory: C:/Users/91629/Desktop/alu_homework
# Command line: vivado.exe -gui_launcher_event rodinguilauncherevent27972 C:\Users\91629\Desktop\alu_homework\alu.xpr
# Log file: C:/Users/91629/Desktop/alu_homework/vivado.log
# Journal file: C:/Users/91629/Desktop/alu_homework\vivado.jou
# Running On        :wangzhangzhuo
# Platform          :Windows Server 2016 or Windows 10
# Operating System  :22631
# Processor Detail  :AMD Ryzen 7 7840H w/Radeon 780M Graphics
# CPU Frequency     :3793 MHz
# CPU Physical cores:8
# CPU Logical cores :16
# Host memory       :16334 MB
# Swap memory       :11274 MB
# Total Virtual     :27609 MB
# Available Virtual :12428 MB
#-----------------------------------------------------------
start_gui
