#-----------------------------------------------------------
# Vivado v2024.1 (64-bit)
# SW Build 5076996 on Wed May 22 18:37:14 MDT 2024
# IP Build 5075265 on Wed May 22 21:45:21 MDT 2024
# SharedData Build 5076995 on Wed May 22 18:29:18 MDT 2024
# Start of session at: Sat Mar  1 13:15:58 2025
# Process ID: 11900
# Current directory: C:/Users/91629/Desktop/数字逻辑大作业-王志硕/32bit_ALU
# Command line: vivado.exe -gui_launcher_event rodinguilauncherevent19368 C:\Users\91629\Desktop\数字逻辑大作业-王志硕\32bit_ALU\32bit_ALU.xpr
# Log file: C:/Users/91629/Desktop/数字逻辑大作业-王志硕/32bit_ALU/vivado.log
# Journal file: C:/Users/91629/Desktop/数字逻辑大作业-王志硕/32bit_ALU\vivado.jou
# Running On        :wangzhangzhuo
# Platform          :Windows Server 2016 or Windows 10
# Operating System  :22631
# Processor Detail  :AMD Ryzen 7 7840H w/Radeon 780M Graphics
# CPU Frequency     :3793 MHz
# CPU Physical cores:8
# CPU Logical cores :16
# Host memory       :16334 MB
# Swap memory       :10737 MB
# Total Virtual     :27072 MB
# Available Virtual :13407 MB
#-----------------------------------------------------------
start_gui
open_project C:/Users/91629/Desktop/数字逻辑大作业-王志硕/32bit_ALU/32bit_ALU.xpr
launch_simulation
source test_alu.tcl
synth_design -top ALU_Display -part xc7a200tfbg676-2 -lint 
